
R version 3.6.0 (2019-04-26) -- "Planting of a Tree"
Copyright (C) 2019 The R Foundation for Statistical Computing
Platform: x86_64-redhat-linux-gnu (64-bit)

R is free software and comes with ABSOLUTELY NO WARRANTY.
You are welcome to redistribute it under certain conditions.
Type 'license()' or 'licence()' for distribution details.

  Natural language support but running in an English locale

R is a collaborative project with many contributors.
Type 'contributors()' for more information and
'citation()' on how to cite R or R packages in publications.

Type 'demo()' for some demos, 'help()' for on-line help, or
'help.start()' for an HTML browser interface to help.
Type 'q()' to quit R.

> ## Complete Workflow Example
> # Load required libraries
> library(GxEprs)
> library(GCIM)
> # Set plink path
> plink_path <- "/data/alh-admzw/plink2"
> # Step 1: Run GxEprs analysis for binary traits
> a <- GWAS_binary(plink_path, "DummyData", "Bphen_disc.txt", "Bcov_disc.txt")
PLINK v2.00a6LM 64-bit Intel (4 May 2024)      www.cog-genomics.org/plink/2.0/
(C) 2005-2024 Shaun Purcell, Christopher Chang   GNU General Public License v3
Logging to /tmp/RtmpQZtfrB/B_gwas.log.
Options in effect:
  --allow-no-sex
  --bfile DummyData
  --covar Bcov_disc.txt
  --glm
  --out /tmp/RtmpQZtfrB/B_gwas
  --parameters 1, 4, 5, 6, 7, 8, 9, 10, 11, 12, 13, 14, 15
  --pheno Bphen_disc.txt
  --threads 20

Start time: Sat Sep 20 14:09:02 2025
Note: --allow-no-sex no longer has any effect.  (Missing-sex samples are
automatically excluded from association analysis when sex is a covariate, and
treated normally otherwise.)
1546526 MiB RAM detected, ~1511709 available; reserving 773263 MiB for main
workspace.
Using up to 20 threads (change this with --threads).
1000 samples (528 females, 472 males; 1000 founders) loaded from DummyData.fam.
918 variants loaded from DummyData.bim.
1 binary phenotype loaded (34 cases, 766 controls).
Warning: Phenotype/covariate value in [-8, -9) or (-9, -10] present, when -9
is treated as missing.  Use --no-input-missing-phenotype to treat -9 as a
numeric value (missing values can be indicated by 'NA'), or
--neg9-pheno-really-missing to suppress this warning.
14 covariates loaded from Bcov_disc.txt.
Calculating allele frequencies... 0%done.
Warning: --glm remaining case count is less than 10x predictor count for
phenotype 'PHENO1'.
--glm logistic-Firth hybrid regression on phenotype 'PHENO1': 0%done.
Results written to /tmp/RtmpQZtfrB/B_gwas.PHENO1.glm.logistic.hybrid .
End time: Sat Sep 20 14:09:02 2025
> b <- GWEIS_binary(plink_path, "DummyData", "Bexp_disc.txt", "Bphen_disc_cov.txt")
PLINK v2.00a6LM 64-bit Intel (4 May 2024)      www.cog-genomics.org/plink/2.0/
(C) 2005-2024 Shaun Purcell, Christopher Chang   GNU General Public License v3
Logging to /tmp/RtmpQZtfrB/B_gweis.log.
Options in effect:
  --allow-no-sex
  --bfile DummyData
  --covar Bphen_disc_cov.txt
  --glm interaction
  --out /tmp/RtmpQZtfrB/B_gweis
  --parameters 1, 2, 3, 4, 5, 6, 7, 8, 9, 10, 11, 12, 13, 14, 15, 16, 17
  --pheno Bexp_disc.txt
  --threads 20

Start time: Sat Sep 20 14:09:02 2025
Note: --allow-no-sex no longer has any effect.  (Missing-sex samples are
automatically excluded from association analysis when sex is a covariate, and
treated normally otherwise.)
1546526 MiB RAM detected, ~1511697 available; reserving 773263 MiB for main
workspace.
Using up to 20 threads (change this with --threads).
1000 samples (528 females, 472 males; 1000 founders) loaded from DummyData.fam.
918 variants loaded from DummyData.bim.
1 binary phenotype loaded (410 cases, 390 controls).
Warning: Phenotype/covariate value in [-8, -9) or (-9, -10] present, when -9
is treated as missing.  Use --no-input-missing-phenotype to treat -9 as a
numeric value (missing values can be indicated by 'NA'), or
--neg9-pheno-really-missing to suppress this warning.
15 covariates loaded from Bphen_disc_cov.txt.
Calculating allele frequencies... 0%done.
--glm logistic-Firth hybrid regression on phenotype 'PHENO1': 0%done.
Results written to /tmp/RtmpQZtfrB/B_gweis.PHENO1.glm.logistic.hybrid .
End time: Sat Sep 20 14:09:02 2025
> 
> # Step 2: Extract summary statistics
> trd <- a[c("ID", "A1", "BETA")]
> add <- b[c("ID", "A1", "ADD_BETA")]
> gxe <- b[c("ID", "A1", "INTERACTION_BETA")]
> 
> # Step 3: Compute PRS for each component
> q <- PRS_binary(plink_path, "DummyData", summary_input = add)  # Additive PRS
PLINK v2.00a6LM 64-bit Intel (4 May 2024)      www.cog-genomics.org/plink/2.0/
(C) 2005-2024 Shaun Purcell, Christopher Chang   GNU General Public License v3
Logging to /tmp/RtmpQZtfrB/prs.log.
Options in effect:
  --bfile DummyData
  --out /tmp/RtmpQZtfrB/prs
  --score /tmp/RtmpQZtfrB/summary_stats 1 2 3 header

Start time: Sat Sep 20 14:09:03 2025
1546526 MiB RAM detected, ~1511683 available; reserving 773263 MiB for main
workspace.
Using up to 80 threads (change this with --threads).
1000 samples (528 females, 472 males; 1000 founders) loaded from DummyData.fam.
918 variants loaded from DummyData.bim.
Note: No phenotype data present.
Calculating allele frequencies... 0%done.
--score: 918 variants processed.
--score: Results written to /tmp/RtmpQZtfrB/prs.sscore .
End time: Sat Sep 20 14:09:03 2025
> r <- PRS_binary(plink_path, "DummyData", summary_input = gxe)  # Interaction PRS
PLINK v2.00a6LM 64-bit Intel (4 May 2024)      www.cog-genomics.org/plink/2.0/
(C) 2005-2024 Shaun Purcell, Christopher Chang   GNU General Public License v3
Logging to /tmp/RtmpQZtfrB/prs.log.
Options in effect:
  --bfile DummyData
  --out /tmp/RtmpQZtfrB/prs
  --score /tmp/RtmpQZtfrB/summary_stats 1 2 3 header

Start time: Sat Sep 20 14:09:03 2025
1546526 MiB RAM detected, ~1511681 available; reserving 773263 MiB for main
workspace.
Using up to 80 threads (change this with --threads).
1000 samples (528 females, 472 males; 1000 founders) loaded from DummyData.fam.
918 variants loaded from DummyData.bim.
Note: No phenotype data present.
Calculating allele frequencies... 0%done.
--score: 918 variants processed.
--score: Results written to /tmp/RtmpQZtfrB/prs.sscore .
End time: Sat Sep 20 14:09:03 2025
> p <- PRS_binary(plink_path, "DummyData", summary_input = trd)  # Covariate PRS
PLINK v2.00a6LM 64-bit Intel (4 May 2024)      www.cog-genomics.org/plink/2.0/
(C) 2005-2024 Shaun Purcell, Christopher Chang   GNU General Public License v3
Logging to /tmp/RtmpQZtfrB/prs.log.
Options in effect:
  --bfile DummyData
  --out /tmp/RtmpQZtfrB/prs
  --score /tmp/RtmpQZtfrB/summary_stats 1 2 3 header

Start time: Sat Sep 20 14:09:03 2025
1546526 MiB RAM detected, ~1511680 available; reserving 773263 MiB for main
workspace.
Using up to 80 threads (change this with --threads).
1000 samples (528 females, 472 males; 1000 founders) loaded from DummyData.fam.
918 variants loaded from DummyData.bim.
Note: No phenotype data present.
Calculating allele frequencies... 0%done.
--score: 918 variants processed.
--score: Results written to /tmp/RtmpQZtfrB/prs.sscore .
End time: Sat Sep 20 14:09:03 2025
> 
> # Step 4: Run GCIM analysis with automatic saving and scaling
>  result0 <- gcim_b0("Bexp_tar.txt", "Bphen_tar_cov.txt", 
+                   Add_PRS = q, Int_PRS = r, Cov_PRS = p) 
Loading data files for binary outcome analysis...
Loading add PRS data...
Using provided data object with 1000 samples.
Loading int PRS data...
Using provided data object with 1000 samples.
Loading cov PRS data...
Using provided data object with 1000 samples.
Scaling PRS values (mean=0, sd=1)...
PRS data summary:
- Additive PRS:  1000  individuals
- Interaction PRS:  1000  individuals
- Covariate PRS:  1000  individuals
Saving PRS copies to standardized temporary files...
Merging data files by FID and IID...
Final dataset contains 200 observations (85 cases, 115 controls) with 21 variables.
Fitting logistic regression model...
Formula: Outcome ~ Add_PRS + Int_PRS + Covariate_Pheno + Int_PRS:Cov_PRS +      Conf_1 + Conf_2 + Conf_3 + Conf_4 + Conf_5 + Conf_6 + Conf_7 +      Conf_8 + Conf_9 + Conf_10 + Conf_11 + Conf_12 + Conf_13 +      Conf_14 
>  result1 <- gcim_b1("Bexp_tar.txt", "Bphen_tar_cov.txt", 
+                   Add_PRS = q, Int_PRS = r, Cov_PRS = p) 
Loading data files for binary outcome analysis...
Loading add PRS data...
Using provided data object with 1000 samples.
Loading int PRS data...
Using provided data object with 1000 samples.
Loading cov PRS data...
Using provided data object with 1000 samples.
Scaling PRS values (mean=0, sd=1)...
PRS data summary:
- Additive PRS:  1000  individuals
- Interaction PRS:  1000  individuals
- Covariate PRS:  1000  individuals
Saving PRS copies to standardized temporary files...
Merging data files by FID and IID...
Final dataset contains 200 observations (85 cases, 115 controls) with 21 variables.
Fitting logistic regression model...
Formula: Outcome ~ Add_PRS + Int_PRS + Covariate_Pheno + Cov_PRS + Int_PRS:Cov_PRS +      Conf_1 + Conf_2 + Conf_3 + Conf_4 + Conf_5 + Conf_6 + Conf_7 +      Conf_8 + Conf_9 + Conf_10 + Conf_11 + Conf_12 + Conf_13 +      Conf_14 
> # # Step 5: Access results and processed PRS objects
>  print(result0$model_summary)

Call:
stats::glm(formula = model_formula, family = stats::binomial(link = "logit"), 
    data = merged_data)

Deviance Residuals: 
    Min       1Q   Median       3Q      Max  
-2.0731  -0.9765  -0.6491   1.1232   1.9332  

Coefficients:
                Estimate Std. Error z value Pr(>|z|)  
(Intercept)     -2.15188    1.77293  -1.214   0.2248  
Add_PRS         -0.82112    2.15921  -0.380   0.7037  
Int_PRS         -0.85888    2.16276  -0.397   0.6913  
Covariate_Pheno  1.07339    0.60255   1.781   0.0748 .
Conf_1           0.44001    0.17217   2.556   0.0106 *
Conf_2           0.02299    0.05770   0.398   0.6903  
Conf_3          -0.01009    0.01907  -0.529   0.5966  
Conf_4          -0.14219    0.10749  -1.323   0.1859  
Conf_5          -0.04528    0.12053  -0.376   0.7071  
Conf_6           0.20845    0.10475   1.990   0.0466 *
Conf_7           0.13222    0.07653   1.728   0.0840 .
Conf_8          -0.07370    0.03654  -2.017   0.0437 *
Conf_9           0.10079    0.09950   1.013   0.3111  
Conf_10         -0.06572    0.08634  -0.761   0.4465  
Conf_11          0.07486    0.08792   0.851   0.3946  
Conf_12          0.02629    0.03851   0.683   0.4948  
Conf_13          0.04566    0.08021   0.569   0.5692  
Conf_14          0.06266    0.03230   1.940   0.0524 .
Int_PRS:Cov_PRS -0.13343    0.21118  -0.632   0.5275  
---
Signif. codes:  0 ‘***’ 0.001 ‘**’ 0.01 ‘*’ 0.05 ‘.’ 0.1 ‘ ’ 1

(Dispersion parameter for binomial family taken to be 1)

    Null deviance: 272.74  on 199  degrees of freedom
Residual deviance: 247.54  on 181  degrees of freedom
AIC: 285.54

Number of Fisher Scoring iterations: 4

>  print(result1$model_summary)

Call:
stats::glm(formula = model_formula, family = stats::binomial(link = "logit"), 
    data = merged_data)

Deviance Residuals: 
    Min       1Q   Median       3Q      Max  
-2.0869  -0.9539  -0.6485   1.1115   1.9800  

Coefficients:
                Estimate Std. Error z value Pr(>|z|)   
(Intercept)     -2.21475    1.77687  -1.246  0.21261   
Add_PRS         -0.37233    2.19574  -0.170  0.86535   
Int_PRS         -0.38568    2.20229  -0.175  0.86098   
Covariate_Pheno  1.11820    0.60481   1.849  0.06448 . 
Cov_PRS          0.23848    0.20303   1.175  0.24015   
Conf_1           0.47938    0.17698   2.709  0.00675 **
Conf_2           0.02029    0.05797   0.350  0.72634   
Conf_3          -0.01138    0.01921  -0.592  0.55357   
Conf_4          -0.14879    0.10773  -1.381  0.16723   
Conf_5          -0.06125    0.12197  -0.502  0.61553   
Conf_6           0.19845    0.10547   1.882  0.05988 . 
Conf_7           0.12962    0.07675   1.689  0.09124 . 
Conf_8          -0.07542    0.03670  -2.055  0.03988 * 
Conf_9           0.08542    0.10129   0.843  0.39905   
Conf_10         -0.06209    0.08653  -0.717  0.47307   
Conf_11          0.08333    0.08844   0.942  0.34606   
Conf_12          0.02379    0.03884   0.612  0.54021   
Conf_13          0.04283    0.08098   0.529  0.59689   
Conf_14          0.06741    0.03271   2.061  0.03932 * 
Int_PRS:Cov_PRS -0.13733    0.21345  -0.643  0.51997   
---
Signif. codes:  0 ‘***’ 0.001 ‘**’ 0.01 ‘*’ 0.05 ‘.’ 0.1 ‘ ’ 1

(Dispersion parameter for binomial family taken to be 1)

    Null deviance: 272.74  on 199  degrees of freedom
Residual deviance: 246.15  on 180  degrees of freedom
AIC: 286.15

Number of Fisher Scoring iterations: 4

>  cat("Sample size:", result0$sample_size, "\n")
Sample size: 200 
>  cat("Pseudo R-squared:", result0$pseudo_r_squared, "\n")
Pseudo R-squared: 0.09240211 
>  cat("AIC:", result0$aic, "\n")
AIC: 285.5399 
> # 
>  # Access the processed PRS objects
>  #head(result$add_prs)  # Processed and scaled additive PRS
>  #head(result$int_prs)  # Processed and scaled interaction PRS
>  #head(result$cov_prs)  # Processed and scaled covariate PRS
>  
>  # Check temporary files information
>  #if(result$temp_files_saved) {
>    #cat("Temporary directory used:", result$temp_dir, "\n")
>    #cat("Temporary files created:", paste(result$temp_files, collapse = ", "), "\n")
> # }
> # Select rows where the third column is NA
> na_rows <- add[is.na(add[, 3]), ]
> #/data/alh-admzw/plink2 --bfile dummydata --exclude bb.txt --make-bed --out DummyData
> 
> proc.time()
   user  system elapsed 
  1.725   0.383   0.863 
