
R version 3.6.0 (2019-04-26) -- "Planting of a Tree"
Copyright (C) 2019 The R Foundation for Statistical Computing
Platform: x86_64-redhat-linux-gnu (64-bit)

R is free software and comes with ABSOLUTELY NO WARRANTY.
You are welcome to redistribute it under certain conditions.
Type 'license()' or 'licence()' for distribution details.

  Natural language support but running in an English locale

R is a collaborative project with many contributors.
Type 'contributors()' for more information and
'citation()' on how to cite R or R packages in publications.

Type 'demo()' for some demos, 'help()' for on-line help, or
'help.start()' for an HTML browser interface to help.
Type 'q()' to quit R.

> ## Complete Workflow Example
> # Load required libraries
> library(GxEprs)
> library(GCIM)
> # Set plink path
> plink_path <- "/data/alh-admzw/plink2"
> # Step 1: Run GxEprs analysis for binary traits
> a <- GWAS_binary(plink_path, "DummyData", "Bphen_disc.txt", "Bcov_disc.txt")
PLINK v2.00a6LM 64-bit Intel (4 May 2024)      www.cog-genomics.org/plink/2.0/
(C) 2005-2024 Shaun Purcell, Christopher Chang   GNU General Public License v3
Logging to /tmp/RtmpuZzBW6/B_gwas.log.
Options in effect:
  --allow-no-sex
  --bfile DummyData
  --covar Bcov_disc.txt
  --glm
  --out /tmp/RtmpuZzBW6/B_gwas
  --parameters 1, 4, 5, 6, 7, 8, 9, 10, 11, 12, 13, 14, 15, 16
  --pheno Bphen_disc.txt
  --threads 20

Start time: Tue Sep 16 09:12:51 2025
Note: --allow-no-sex no longer has any effect.  (Missing-sex samples are
automatically excluded from association analysis when sex is a covariate, and
treated normally otherwise.)
1546526 MiB RAM detected, ~1511771 available; reserving 773263 MiB for main
workspace.
Using up to 20 threads (change this with --threads).
1000 samples (528 females, 472 males; 1000 founders) loaded from DummyData.fam.
918 variants loaded from DummyData.bim.
1 binary phenotype loaded (34 cases, 766 controls).
Warning: Phenotype/covariate value in [-8, -9) or (-9, -10] present, when -9
is treated as missing.  Use --no-input-missing-phenotype to treat -9 as a
numeric value (missing values can be indicated by 'NA'), or
--neg9-pheno-really-missing to suppress this warning.
15 covariates loaded from Bcov_disc.txt.
Calculating allele frequencies... 0%done.
Warning: --glm remaining case count is less than 10x predictor count for
phenotype 'PHENO1'.
--glm logistic-Firth hybrid regression on phenotype 'PHENO1': 0%done.
Results written to /tmp/RtmpuZzBW6/B_gwas.PHENO1.glm.logistic.hybrid .
End time: Tue Sep 16 09:12:51 2025
> b <- GWEIS_binary(plink_path, "DummyData", "Bexp_disc.txt", "Bphen_disc_cov.txt")
PLINK v2.00a6LM 64-bit Intel (4 May 2024)      www.cog-genomics.org/plink/2.0/
(C) 2005-2024 Shaun Purcell, Christopher Chang   GNU General Public License v3
Logging to /tmp/RtmpuZzBW6/B_gweis.log.
Options in effect:
  --allow-no-sex
  --bfile DummyData
  --covar Bphen_disc_cov.txt
  --glm interaction
  --out /tmp/RtmpuZzBW6/B_gweis
  --parameters 1, 2, 3, 4, 5, 6, 7, 8, 9, 10, 11, 12, 13, 14, 15, 16, 17, 18
  --pheno Bexp_disc.txt
  --threads 20

Start time: Tue Sep 16 09:12:52 2025
Note: --allow-no-sex no longer has any effect.  (Missing-sex samples are
automatically excluded from association analysis when sex is a covariate, and
treated normally otherwise.)
1546526 MiB RAM detected, ~1511759 available; reserving 773263 MiB for main
workspace.
Using up to 20 threads (change this with --threads).
1000 samples (528 females, 472 males; 1000 founders) loaded from DummyData.fam.
918 variants loaded from DummyData.bim.
1 binary phenotype loaded (410 cases, 390 controls).
Warning: Phenotype/covariate value in [-8, -9) or (-9, -10] present, when -9
is treated as missing.  Use --no-input-missing-phenotype to treat -9 as a
numeric value (missing values can be indicated by 'NA'), or
--neg9-pheno-really-missing to suppress this warning.
16 covariates loaded from Bphen_disc_cov.txt.
Calculating allele frequencies... 0%done.
--glm logistic-Firth hybrid regression on phenotype 'PHENO1': 0%done.
Results written to /tmp/RtmpuZzBW6/B_gweis.PHENO1.glm.logistic.hybrid .
End time: Tue Sep 16 09:12:52 2025
> 
> # Step 2: Extract summary statistics
> trd <- a[c("ID", "A1", "BETA")]
> add <- b[c("ID", "A1", "ADD_BETA")]
> gxe <- b[c("ID", "A1", "INTERACTION_BETA")]
> 
> # Step 3: Compute PRS for each component
> q <- PRS_binary(plink_path, "DummyData", summary_input = add)  # Additive PRS
PLINK v2.00a6LM 64-bit Intel (4 May 2024)      www.cog-genomics.org/plink/2.0/
(C) 2005-2024 Shaun Purcell, Christopher Chang   GNU General Public License v3
Logging to /tmp/RtmpuZzBW6/prs.log.
Options in effect:
  --bfile DummyData
  --out /tmp/RtmpuZzBW6/prs
  --score /tmp/RtmpuZzBW6/summary_stats 1 2 3 header

Start time: Tue Sep 16 09:12:52 2025
1546526 MiB RAM detected, ~1511737 available; reserving 773263 MiB for main
workspace.
Using up to 80 threads (change this with --threads).
1000 samples (528 females, 472 males; 1000 founders) loaded from DummyData.fam.
918 variants loaded from DummyData.bim.
Note: No phenotype data present.
Calculating allele frequencies... 0%done.
--score: 918 variants processed.
--score: Results written to /tmp/RtmpuZzBW6/prs.sscore .
End time: Tue Sep 16 09:12:52 2025
> r <- PRS_binary(plink_path, "DummyData", summary_input = gxe)  # Interaction PRS
PLINK v2.00a6LM 64-bit Intel (4 May 2024)      www.cog-genomics.org/plink/2.0/
(C) 2005-2024 Shaun Purcell, Christopher Chang   GNU General Public License v3
Logging to /tmp/RtmpuZzBW6/prs.log.
Options in effect:
  --bfile DummyData
  --out /tmp/RtmpuZzBW6/prs
  --score /tmp/RtmpuZzBW6/summary_stats 1 2 3 header

Start time: Tue Sep 16 09:12:52 2025
1546526 MiB RAM detected, ~1511736 available; reserving 773263 MiB for main
workspace.
Using up to 80 threads (change this with --threads).
1000 samples (528 females, 472 males; 1000 founders) loaded from DummyData.fam.
918 variants loaded from DummyData.bim.
Note: No phenotype data present.
Calculating allele frequencies... 0%done.
--score: 918 variants processed.
--score: Results written to /tmp/RtmpuZzBW6/prs.sscore .
End time: Tue Sep 16 09:12:52 2025
> p <- PRS_binary(plink_path, "DummyData", summary_input = trd)  # Covariate PRS
PLINK v2.00a6LM 64-bit Intel (4 May 2024)      www.cog-genomics.org/plink/2.0/
(C) 2005-2024 Shaun Purcell, Christopher Chang   GNU General Public License v3
Logging to /tmp/RtmpuZzBW6/prs.log.
Options in effect:
  --bfile DummyData
  --out /tmp/RtmpuZzBW6/prs
  --score /tmp/RtmpuZzBW6/summary_stats 1 2 3 header

Start time: Tue Sep 16 09:12:52 2025
1546526 MiB RAM detected, ~1511736 available; reserving 773263 MiB for main
workspace.
Using up to 80 threads (change this with --threads).
1000 samples (528 females, 472 males; 1000 founders) loaded from DummyData.fam.
918 variants loaded from DummyData.bim.
Note: No phenotype data present.
Calculating allele frequencies... 0%done.
--score: 918 variants processed.
--score: Results written to /tmp/RtmpuZzBW6/prs.sscore .
End time: Tue Sep 16 09:12:52 2025
> 
> # Step 4: Run GCIM analysis with automatic saving and scaling
>  result0 <- gcim_b0("Bexp_tar.txt", "Bphen_tar_cov.txt", 
+                   Add_PRS = q, Int_PRS = r, Cov_PRS = p) 
Loading data files for binary outcome analysis...
Loading add PRS data...
Using provided data object with 1000 samples.
Loading int PRS data...
Using provided data object with 1000 samples.
Loading cov PRS data...
Using provided data object with 1000 samples.
Scaling PRS values (mean=0, sd=1)...
PRS data summary:
- Additive PRS:  1000  individuals
- Interaction PRS:  1000  individuals
- Covariate PRS:  1000  individuals
Saving PRS copies to standardized temporary files...
Merging data files by FID and IID...
Final dataset contains 200 observations (85 cases, 115 controls) with 21 variables.
Fitting logistic regression model...
Formula: Outcome ~ Add_PRS + Int_PRS + Covariate_Pheno + Int_PRS:Cov_PRS +      Conf_1 + Conf_2 + Conf_3 + Conf_4 + Conf_5 + Conf_6 + Conf_7 +      Conf_8 + Conf_9 + Conf_10 + Conf_11 + Conf_12 + Conf_13 +      Conf_14 
>  result1 <- gcim_b1("Bexp_tar.txt", "Bphen_tar_cov.txt", 
+                   Add_PRS = q, Int_PRS = r, Cov_PRS = p) 
Loading data files for binary outcome analysis...
Loading add PRS data...
Using provided data object with 1000 samples.
Loading int PRS data...
Using provided data object with 1000 samples.
Loading cov PRS data...
Using provided data object with 1000 samples.
Scaling PRS values (mean=0, sd=1)...
PRS data summary:
- Additive PRS:  1000  individuals
- Interaction PRS:  1000  individuals
- Covariate PRS:  1000  individuals
Saving PRS copies to standardized temporary files...
Merging data files by FID and IID...
Final dataset contains 200 observations (85 cases, 115 controls) with 21 variables.
Fitting logistic regression model...
Formula: Outcome ~ Add_PRS + Int_PRS + Covariate_Pheno + Cov_PRS + Int_PRS:Cov_PRS +      Conf_1 + Conf_2 + Conf_3 + Conf_4 + Conf_5 + Conf_6 + Conf_7 +      Conf_8 + Conf_9 + Conf_10 + Conf_11 + Conf_12 + Conf_13 +      Conf_14 
> # # Step 5: Access results and processed PRS objects
>  print(result0$model_summary)

Call:
stats::glm(formula = model_formula, family = stats::binomial(link = "logit"), 
    data = merged_data)

Deviance Residuals: 
    Min       1Q   Median       3Q      Max  
-2.0921  -0.9847  -0.6538   1.1165   1.9466  

Coefficients:
                Estimate Std. Error z value Pr(>|z|)  
(Intercept)     -2.14559    1.77175  -1.211   0.2259  
Add_PRS         -0.33958    2.28221  -0.149   0.8817  
Int_PRS         -0.37669    2.28989  -0.165   0.8693  
Covariate_Pheno  1.05839    0.59969   1.765   0.0776 .
Conf_1           0.44229    0.17231   2.567   0.0103 *
Conf_2           0.02413    0.05763   0.419   0.6755  
Conf_3          -0.01017    0.01908  -0.533   0.5941  
Conf_4          -0.14360    0.10762  -1.334   0.1821  
Conf_5          -0.04562    0.11996  -0.380   0.7038  
Conf_6           0.21204    0.10520   2.016   0.0438 *
Conf_7           0.13105    0.07645   1.714   0.0865 .
Conf_8          -0.07325    0.03648  -2.008   0.0446 *
Conf_9           0.10046    0.09985   1.006   0.3143  
Conf_10         -0.06210    0.08605  -0.722   0.4705  
Conf_11          0.07371    0.08837   0.834   0.4042  
Conf_12          0.02785    0.03838   0.726   0.4681  
Conf_13          0.04458    0.08003   0.557   0.5775  
Conf_14          0.06213    0.03232   1.923   0.0545 .
Int_PRS:Cov_PRS -0.15908    0.23086  -0.689   0.4908  
---
Signif. codes:  0 ‘***’ 0.001 ‘**’ 0.01 ‘*’ 0.05 ‘.’ 0.1 ‘ ’ 1

(Dispersion parameter for binomial family taken to be 1)

    Null deviance: 272.74  on 199  degrees of freedom
Residual deviance: 247.61  on 181  degrees of freedom
AIC: 285.61

Number of Fisher Scoring iterations: 4

>  print(result1$model_summary)

Call:
stats::glm(formula = model_formula, family = stats::binomial(link = "logit"), 
    data = merged_data)

Deviance Residuals: 
    Min       1Q   Median       3Q      Max  
-2.0921  -0.9604  -0.6589   1.1168   1.9704  

Coefficients:
                Estimate Std. Error z value Pr(>|z|)   
(Intercept)     -2.17581    1.77526  -1.226  0.22034   
Add_PRS          0.10961    2.32367   0.047  0.96238   
Int_PRS          0.09498    2.33450   0.041  0.96755   
Covariate_Pheno  1.09816    0.60304   1.821  0.06860 . 
Cov_PRS          0.22051    0.20304   1.086  0.27746   
Conf_1           0.47750    0.17652   2.705  0.00683 **
Conf_2           0.02046    0.05789   0.353  0.72379   
Conf_3          -0.01125    0.01919  -0.586  0.55778   
Conf_4          -0.14761    0.10779  -1.369  0.17085   
Conf_5          -0.06223    0.12148  -0.512  0.60848   
Conf_6           0.20386    0.10582   1.926  0.05405 . 
Conf_7           0.12744    0.07665   1.663  0.09638 . 
Conf_8          -0.07427    0.03659  -2.030  0.04238 * 
Conf_9           0.08466    0.10168   0.833  0.40506   
Conf_10         -0.06056    0.08616  -0.703  0.48213   
Conf_11          0.08213    0.08885   0.924  0.35531   
Conf_12          0.02502    0.03868   0.647  0.51770   
Conf_13          0.04305    0.08066   0.534  0.59352   
Conf_14          0.06662    0.03273   2.035  0.04181 * 
Int_PRS:Cov_PRS -0.15114    0.23407  -0.646  0.51848   
---
Signif. codes:  0 ‘***’ 0.001 ‘**’ 0.01 ‘*’ 0.05 ‘.’ 0.1 ‘ ’ 1

(Dispersion parameter for binomial family taken to be 1)

    Null deviance: 272.74  on 199  degrees of freedom
Residual deviance: 246.42  on 180  degrees of freedom
AIC: 286.42

Number of Fisher Scoring iterations: 4

>  cat("Sample size:", result0$sample_size, "\n")
Sample size: 200 
>  cat("Pseudo R-squared:", result0$pseudo_r_squared, "\n")
Pseudo R-squared: 0.09214169 
>  cat("AIC:", result0$aic, "\n")
AIC: 285.6109 
> # 
>  # Access the processed PRS objects
>  #head(result$add_prs)  # Processed and scaled additive PRS
>  #head(result$int_prs)  # Processed and scaled interaction PRS
>  #head(result$cov_prs)  # Processed and scaled covariate PRS
>  
>  # Check temporary files information
>  #if(result$temp_files_saved) {
>    #cat("Temporary directory used:", result$temp_dir, "\n")
>    #cat("Temporary files created:", paste(result$temp_files, collapse = ", "), "\n")
> # }
> # Select rows where the third column is NA
> na_rows <- add[is.na(add[, 3]), ]
> #/data/alh-admzw/plink2 --bfile dummydata --exclude bb.txt --make-bed --out DummyData
> 
> proc.time()
   user  system elapsed 
  1.752   0.384   0.879 
