
R version 3.6.0 (2019-04-26) -- "Planting of a Tree"
Copyright (C) 2019 The R Foundation for Statistical Computing
Platform: x86_64-redhat-linux-gnu (64-bit)

R is free software and comes with ABSOLUTELY NO WARRANTY.
You are welcome to redistribute it under certain conditions.
Type 'license()' or 'licence()' for distribution details.

  Natural language support but running in an English locale

R is a collaborative project with many contributors.
Type 'contributors()' for more information and
'citation()' on how to cite R or R packages in publications.

Type 'demo()' for some demos, 'help()' for on-line help, or
'help.start()' for an HTML browser interface to help.
Type 'q()' to quit R.

> ## Complete Workflow Example
> # Load required libraries
> library(GxEprs)
> library(GCIM)
> # Set plink path
> plink_path <- "/data/alh-admzw/plink2"
> # Step 1: Run GxEprs analysis for binary traits
> a <- GWAS_binary(plink_path, "DummyData", "Bexp_disc.txt", "Bcov_disc.txt")
PLINK v2.00a6LM 64-bit Intel (4 May 2024)      www.cog-genomics.org/plink/2.0/
(C) 2005-2024 Shaun Purcell, Christopher Chang   GNU General Public License v3
Logging to /tmp/RtmpjxttQ0/B_gwas.log.
Options in effect:
  --allow-no-sex
  --bfile DummyData
  --covar Bcov_disc.txt
  --glm
  --out /tmp/RtmpjxttQ0/B_gwas
  --parameters 1, 4, 5, 6, 7, 8, 9, 10, 11, 12, 13, 14, 15
  --pheno Bexp_disc.txt
  --threads 20

Start time: Sat Sep 20 14:13:49 2025
Note: --allow-no-sex no longer has any effect.  (Missing-sex samples are
automatically excluded from association analysis when sex is a covariate, and
treated normally otherwise.)
1546526 MiB RAM detected, ~1511700 available; reserving 773263 MiB for main
workspace.
Using up to 20 threads (change this with --threads).
1000 samples (528 females, 472 males; 1000 founders) loaded from DummyData.fam.
918 variants loaded from DummyData.bim.
1 binary phenotype loaded (410 cases, 390 controls).
Warning: Phenotype/covariate value in [-8, -9) or (-9, -10] present, when -9
is treated as missing.  Use --no-input-missing-phenotype to treat -9 as a
numeric value (missing values can be indicated by 'NA'), or
--neg9-pheno-really-missing to suppress this warning.
14 covariates loaded from Bcov_disc.txt.
Calculating allele frequencies... 0%done.
--glm logistic-Firth hybrid regression on phenotype 'PHENO1': 0%done.
Results written to /tmp/RtmpjxttQ0/B_gwas.PHENO1.glm.logistic.hybrid .
End time: Sat Sep 20 14:13:49 2025
> b <- GWEIS_binary(plink_path, "DummyData", "Bphen_disc.txt", "Bexp_disc_cov.txt")
PLINK v2.00a6LM 64-bit Intel (4 May 2024)      www.cog-genomics.org/plink/2.0/
(C) 2005-2024 Shaun Purcell, Christopher Chang   GNU General Public License v3
Logging to /tmp/RtmpjxttQ0/B_gweis.log.
Options in effect:
  --allow-no-sex
  --bfile DummyData
  --covar Bexp_disc_cov.txt
  --glm interaction
  --out /tmp/RtmpjxttQ0/B_gweis
  --parameters 1, 2, 3, 4, 5, 6, 7, 8, 9, 10, 11, 12, 13, 14, 15, 16, 17
  --pheno Bphen_disc.txt
  --threads 20

Start time: Sat Sep 20 14:13:49 2025
Note: --allow-no-sex no longer has any effect.  (Missing-sex samples are
automatically excluded from association analysis when sex is a covariate, and
treated normally otherwise.)
1546526 MiB RAM detected, ~1511687 available; reserving 773263 MiB for main
workspace.
Using up to 20 threads (change this with --threads).
1000 samples (528 females, 472 males; 1000 founders) loaded from DummyData.fam.
918 variants loaded from DummyData.bim.
1 binary phenotype loaded (34 cases, 766 controls).
Warning: Phenotype/covariate value in [-8, -9) or (-9, -10] present, when -9
is treated as missing.  Use --no-input-missing-phenotype to treat -9 as a
numeric value (missing values can be indicated by 'NA'), or
--neg9-pheno-really-missing to suppress this warning.
15 covariates loaded from Bexp_disc_cov.txt.
Calculating allele frequencies... 0%done.
Warning: --glm remaining case count is less than 10x predictor count for
phenotype 'PHENO1'.
--glm logistic-Firth hybrid regression on phenotype 'PHENO1': 0%done.
Results written to /tmp/RtmpjxttQ0/B_gweis.PHENO1.glm.logistic.hybrid .
End time: Sat Sep 20 14:13:49 2025
> 
> # Step 2: Extract summary statistics
> trd <- a[c("ID", "A1", "BETA")]
> add <- b[c("ID", "A1", "ADD_BETA")]
> gxe <- b[c("ID", "A1", "INTERACTION_BETA")]
> 
> # Step 3: Compute PRS for each component
> q <- PRS_binary(plink_path, "DummyData", summary_input = add)  # Additive PRS
PLINK v2.00a6LM 64-bit Intel (4 May 2024)      www.cog-genomics.org/plink/2.0/
(C) 2005-2024 Shaun Purcell, Christopher Chang   GNU General Public License v3
Logging to /tmp/RtmpjxttQ0/prs.log.
Options in effect:
  --bfile DummyData
  --out /tmp/RtmpjxttQ0/prs
  --score /tmp/RtmpjxttQ0/summary_stats 1 2 3 header

Start time: Sat Sep 20 14:13:49 2025
1546526 MiB RAM detected, ~1511673 available; reserving 773263 MiB for main
workspace.
Using up to 80 threads (change this with --threads).
1000 samples (528 females, 472 males; 1000 founders) loaded from DummyData.fam.
918 variants loaded from DummyData.bim.
Note: No phenotype data present.
Calculating allele frequencies... 0%done.
--score: 918 variants processed.
--score: Results written to /tmp/RtmpjxttQ0/prs.sscore .
End time: Sat Sep 20 14:13:49 2025
> r <- PRS_binary(plink_path, "DummyData", summary_input = gxe)  # Interaction PRS
PLINK v2.00a6LM 64-bit Intel (4 May 2024)      www.cog-genomics.org/plink/2.0/
(C) 2005-2024 Shaun Purcell, Christopher Chang   GNU General Public License v3
Logging to /tmp/RtmpjxttQ0/prs.log.
Options in effect:
  --bfile DummyData
  --out /tmp/RtmpjxttQ0/prs
  --score /tmp/RtmpjxttQ0/summary_stats 1 2 3 header

Start time: Sat Sep 20 14:13:49 2025
1546526 MiB RAM detected, ~1511671 available; reserving 773263 MiB for main
workspace.
Using up to 80 threads (change this with --threads).
1000 samples (528 females, 472 males; 1000 founders) loaded from DummyData.fam.
918 variants loaded from DummyData.bim.
Note: No phenotype data present.
Calculating allele frequencies... 0%done.
--score: 918 variants processed.
--score: Results written to /tmp/RtmpjxttQ0/prs.sscore .
End time: Sat Sep 20 14:13:49 2025
> p <- PRS_binary(plink_path, "DummyData", summary_input = trd)  # Covariate PRS
PLINK v2.00a6LM 64-bit Intel (4 May 2024)      www.cog-genomics.org/plink/2.0/
(C) 2005-2024 Shaun Purcell, Christopher Chang   GNU General Public License v3
Logging to /tmp/RtmpjxttQ0/prs.log.
Options in effect:
  --bfile DummyData
  --out /tmp/RtmpjxttQ0/prs
  --score /tmp/RtmpjxttQ0/summary_stats 1 2 3 header

Start time: Sat Sep 20 14:13:49 2025
1546526 MiB RAM detected, ~1511669 available; reserving 773263 MiB for main
workspace.
Using up to 80 threads (change this with --threads).
1000 samples (528 females, 472 males; 1000 founders) loaded from DummyData.fam.
918 variants loaded from DummyData.bim.
Note: No phenotype data present.
Calculating allele frequencies... 0%done.
--score: 918 variants processed.
--score: Results written to /tmp/RtmpjxttQ0/prs.sscore .
End time: Sat Sep 20 14:13:49 2025
> 
> # Step 4: Run GCIM analysis with automatic saving and scaling
>  result1 <- gcim_b0("Bphen_tar.txt", "Bexp_tar_cov.txt", 
+                   Add_PRS = q, Int_PRS = r, Cov_PRS = p) 
Loading data files for binary outcome analysis...
Loading add PRS data...
Using provided data object with 1000 samples.
Loading int PRS data...
Using provided data object with 1000 samples.
Loading cov PRS data...
Using provided data object with 1000 samples.
Scaling PRS values (mean=0, sd=1)...
PRS data summary:
- Additive PRS:  1000  individuals
- Interaction PRS:  1000  individuals
- Covariate PRS:  1000  individuals
Saving PRS copies to standardized temporary files...
Merging data files by FID and IID...
Final dataset contains 200 observations (15 cases, 185 controls) with 21 variables.
Fitting logistic regression model...
Formula: Outcome ~ Add_PRS + Int_PRS + Covariate_Pheno + Int_PRS:Cov_PRS +      Conf_1 + Conf_2 + Conf_3 + Conf_4 + Conf_5 + Conf_6 + Conf_7 +      Conf_8 + Conf_9 + Conf_10 + Conf_11 + Conf_12 + Conf_13 +      Conf_14 
>  result2 <- gcim_b1("Bphen_tar.txt", "Bexp_tar_cov.txt", 
+                   Add_PRS = q, Int_PRS = r, Cov_PRS = p)
Loading data files for binary outcome analysis...
Loading add PRS data...
Using provided data object with 1000 samples.
Loading int PRS data...
Using provided data object with 1000 samples.
Loading cov PRS data...
Using provided data object with 1000 samples.
Scaling PRS values (mean=0, sd=1)...
PRS data summary:
- Additive PRS:  1000  individuals
- Interaction PRS:  1000  individuals
- Covariate PRS:  1000  individuals
Saving PRS copies to standardized temporary files...
Merging data files by FID and IID...
Final dataset contains 200 observations (15 cases, 185 controls) with 21 variables.
Fitting logistic regression model...
Formula: Outcome ~ Add_PRS + Int_PRS + Covariate_Pheno + Cov_PRS + Int_PRS:Cov_PRS +      Conf_1 + Conf_2 + Conf_3 + Conf_4 + Conf_5 + Conf_6 + Conf_7 +      Conf_8 + Conf_9 + Conf_10 + Conf_11 + Conf_12 + Conf_13 +      Conf_14 
> # # Step 5: Access results and processed PRS objects
>  print(result1$model_summary)

Call:
stats::glm(formula = model_formula, family = stats::binomial(link = "logit"), 
    data = merged_data)

Deviance Residuals: 
    Min       1Q   Median       3Q      Max  
-1.3449  -0.3920  -0.2457  -0.1457   2.3582  

Coefficients:
                Estimate Std. Error z value Pr(>|z|)   
(Intercept)      4.79087    3.55061   1.349  0.17724   
Add_PRS         -1.06934    1.05734  -1.011  0.31185   
Int_PRS         -0.79235    1.03506  -0.766  0.44397   
Covariate_Pheno  1.19664    0.66575   1.797  0.07227 . 
Conf_1           0.04700    0.36126   0.130  0.89649   
Conf_2           0.06718    0.09686   0.694  0.48793   
Conf_3          -0.04744    0.03915  -1.212  0.22569   
Conf_4           0.25827    0.23471   1.100  0.27116   
Conf_5           0.14980    0.23356   0.641  0.52127   
Conf_6           0.01486    0.20004   0.074  0.94079   
Conf_7          -0.05879    0.16260  -0.362  0.71765   
Conf_8           0.04264    0.08369   0.510  0.61040   
Conf_9           0.07903    0.21139   0.374  0.70853   
Conf_10          0.25093    0.17080   1.469  0.14178   
Conf_11          0.09226    0.17158   0.538  0.59076   
Conf_12         -0.01252    0.08042  -0.156  0.87633   
Conf_13          0.03893    0.15734   0.247  0.80458   
Conf_14         -0.21132    0.07689  -2.748  0.00599 **
Int_PRS:Cov_PRS -0.11467    0.49826  -0.230  0.81799   
---
Signif. codes:  0 ‘***’ 0.001 ‘**’ 0.01 ‘*’ 0.05 ‘.’ 0.1 ‘ ’ 1

(Dispersion parameter for binomial family taken to be 1)

    Null deviance: 106.554  on 199  degrees of freedom
Residual deviance:  86.596  on 181  degrees of freedom
AIC: 124.6

Number of Fisher Scoring iterations: 6

> print(result2$model_summary)

Call:
stats::glm(formula = model_formula, family = stats::binomial(link = "logit"), 
    data = merged_data)

Deviance Residuals: 
    Min       1Q   Median       3Q      Max  
-1.3543  -0.3978  -0.2507  -0.1474   2.3690  

Coefficients:
                Estimate Std. Error z value Pr(>|z|)   
(Intercept)      4.65429    3.60788   1.290  0.19704   
Add_PRS         -1.04372    1.06025  -0.984  0.32491   
Int_PRS         -0.76288    1.04146  -0.733  0.46386   
Covariate_Pheno  1.20269    0.66735   1.802  0.07152 . 
Cov_PRS          0.08265    0.41812   0.198  0.84331   
Conf_1           0.03928    0.36604   0.107  0.91454   
Conf_2           0.07012    0.09820   0.714  0.47520   
Conf_3          -0.04637    0.03954  -1.173  0.24087   
Conf_4           0.25241    0.23705   1.065  0.28695   
Conf_5           0.14800    0.23394   0.633  0.52696   
Conf_6           0.01198    0.20148   0.059  0.95259   
Conf_7          -0.05983    0.16295  -0.367  0.71350   
Conf_8           0.04304    0.08384   0.513  0.60766   
Conf_9           0.07503    0.21228   0.353  0.72375   
Conf_10          0.25175    0.17060   1.476  0.14003   
Conf_11          0.09751    0.17379   0.561  0.57475   
Conf_12         -0.01241    0.08028  -0.155  0.87711   
Conf_13          0.03857    0.15783   0.244  0.80694   
Conf_14         -0.21029    0.07708  -2.728  0.00637 **
Int_PRS:Cov_PRS -0.10157    0.50393  -0.202  0.84027   
---
Signif. codes:  0 ‘***’ 0.001 ‘**’ 0.01 ‘*’ 0.05 ‘.’ 0.1 ‘ ’ 1

(Dispersion parameter for binomial family taken to be 1)

    Null deviance: 106.554  on 199  degrees of freedom
Residual deviance:  86.557  on 180  degrees of freedom
AIC: 126.56

Number of Fisher Scoring iterations: 6

>  cat("Sample size:", result1$sample_size, "\n")
Sample size: 200 
>  cat("Pseudo R-squared:", resul1t$pseudo_r_squared, "\n")
Error in cat("Pseudo R-squared:", resul1t$pseudo_r_squared, "\n") : 
  object 'resul1t' not found
Execution halted
